2026-05-16T17:05:36.952-04:00  INFO 8456 --- [resena] [main] com.example.resena.ResenaApplication     : Starting ResenaApplication using Java 24.0.1 with PID 8456 (C:\Users\alexa\Desktop\Tienda-de-golpes-resenas\target\classes started by alexa in C:\Users\alexa\Desktop\Tienda-de-golpes-resenas)
2026-05-16T17:05:36.954-04:00 DEBUG 8456 --- [resena] [main] com.example.resena.ResenaApplication     : Running with Spring Boot v4.0.6, Spring v7.0.7
2026-05-16T17:05:36.954-04:00  INFO 8456 --- [resena] [main] com.example.resena.ResenaApplication     : No active profile set, falling back to 1 default profile: "default"
2026-05-16T17:05:37.703-04:00  INFO 8456 --- [resena] [main] .s.d.r.c.RepositoryConfigurationDelegate : Bootstrapping Spring Data JPA repositories in DEFAULT mode.
2026-05-16T17:05:37.922-04:00  INFO 8456 --- [resena] [main] .s.d.r.c.RepositoryConfigurationDelegate : Finished Spring Data repository scanning in 207 ms. Found 1 JPA repository interface.
2026-05-16T17:05:38.423-04:00  INFO 8456 --- [resena] [main] o.s.boot.tomcat.TomcatWebServer          : Tomcat initialized with port 8087 (http)
2026-05-16T17:05:38.438-04:00  INFO 8456 --- [resena] [main] o.apache.catalina.core.StandardService   : Starting service [Tomcat]
2026-05-16T17:05:38.438-04:00  INFO 8456 --- [resena] [main] o.apache.catalina.core.StandardEngine    : Starting Servlet engine: [Apache Tomcat/11.0.21]
2026-05-16T17:05:38.503-04:00  INFO 8456 --- [resena] [main] b.w.c.s.WebApplicationContextInitializer : Root WebApplicationContext: initialization completed in 1498 ms
2026-05-16T17:05:38.860-04:00  INFO 8456 --- [resena] [main] com.zaxxer.hikari.HikariDataSource       : HikariPool-1 - Starting...
2026-05-16T17:05:39.011-04:00  INFO 8456 --- [resena] [main] com.zaxxer.hikari.pool.HikariPool        : HikariPool-1 - Added connection com.mysql.cj.jdbc.ConnectionImpl@4ae8fb2a
2026-05-16T17:05:39.012-04:00  INFO 8456 --- [resena] [main] com.zaxxer.hikari.HikariDataSource       : HikariPool-1 - Start completed.
2026-05-16T17:05:39.400-04:00  INFO 8456 --- [resena] [main] org.flywaydb.core.FlywayExecutor         : Database: jdbc:mysql://localhost:3307/db_resena (MySQL 5.5)
2026-05-16T17:05:39.441-04:00  INFO 8456 --- [resena] [main] o.f.core.internal.command.DbValidate     : Successfully validated 1 migration (execution time 00:00.025s)
2026-05-16T17:05:39.449-04:00  INFO 8456 --- [resena] [main] o.f.core.internal.command.DbMigrate      : Current version of schema `db_resena`: 1
2026-05-16T17:05:39.451-04:00  INFO 8456 --- [resena] [main] o.f.core.internal.command.DbMigrate      : Schema `db_resena` is up to date. No migration necessary.
2026-05-16T17:05:39.539-04:00  INFO 8456 --- [resena] [main] org.hibernate.orm.jpa                    : HHH008540: Processing PersistenceUnitInfo [name: default]
2026-05-16T17:05:39.607-04:00  INFO 8456 --- [resena] [main] org.hibernate.orm.core                   : HHH000001: Hibernate ORM core version 7.2.12.Final
2026-05-16T17:05:39.974-04:00  INFO 8456 --- [resena] [main] o.s.o.j.p.SpringPersistenceUnitInfo      : No LoadTimeWeaver setup: ignoring JPA class transformer
2026-05-16T17:05:40.032-04:00  WARN 8456 --- [resena] [main] org.hibernate.orm.core                   : HHH000511: The 5.5.5 version for [org.hibernate.dialect.MySQLDialect] is no longer supported, hence certain features may not work properly.The minimum supported version is 8.0.0. Check the community dialects project for available legacy versions.
2026-05-16T17:05:40.046-04:00  INFO 8456 --- [resena] [main] org.hibernate.orm.connections.pooling    : HHH10001005: Database info:
	Database JDBC URL [jdbc:mysql://localhost:3307/db_resena]
	Database driver: MySQL Connector/J
	Database dialect: MySQLDialect
	Database version: 5.5.5
	Default catalog/schema: db_resena/undefined
	Autocommit mode: undefined/unknown
	Isolation level: REPEATABLE_READ [default REPEATABLE_READ]
	JDBC fetch size: none
	Pool: DataSourceConnectionProvider
	Minimum pool size: undefined/unknown
	Maximum pool size: undefined/unknown
2026-05-16T17:05:40.708-04:00  INFO 8456 --- [resena] [main] org.hibernate.orm.core                   : HHH000489: No JTA platform available (set 'hibernate.transaction.jta.platform' to enable JTA platform integration)
2026-05-16T17:05:40.713-04:00  INFO 8456 --- [resena] [main] j.LocalContainerEntityManagerFactoryBean : Initialized JPA EntityManagerFactory for persistence unit 'default'
2026-05-16T17:05:40.774-04:00  INFO 8456 --- [resena] [main] o.s.d.j.r.query.QueryEnhancerFactories   : Hibernate is in classpath; If applicable, HQL parser will be used.
2026-05-16T17:05:40.919-04:00  WARN 8456 --- [resena] [main] JpaBaseConfiguration$JpaWebConfiguration : spring.jpa.open-in-view is enabled by default. Therefore, database queries may be performed during view rendering. Explicitly configure spring.jpa.open-in-view to disable this warning
2026-05-16T17:05:41.179-04:00  INFO 8456 --- [resena] [main] o.s.boot.tomcat.TomcatWebServer          : Tomcat started on port 8087 (http) with context path '/'
2026-05-16T17:05:41.183-04:00  INFO 8456 --- [resena] [main] com.example.resena.ResenaApplication     : Started ResenaApplication in 4.717 seconds (process running for 5.289)
2026-05-16T17:07:24.412-04:00  INFO 8456 --- [resena] [SpringApplicationShutdownHook] o.s.boot.tomcat.GracefulShutdown         : Commencing graceful shutdown. Waiting for active requests to complete
2026-05-16T17:07:26.665-04:00  INFO 8456 --- [resena] [tomcat-shutdown] o.s.boot.tomcat.GracefulShutdown         : Graceful shutdown complete
2026-05-16T17:07:26.667-04:00  INFO 8456 --- [resena] [SpringApplicationShutdownHook] j.LocalContainerEntityManagerFactoryBean : Closing JPA EntityManagerFactory for persistence unit 'default'
2026-05-16T17:07:26.670-04:00  INFO 8456 --- [resena] [SpringApplicationShutdownHook] com.zaxxer.hikari.HikariDataSource       : HikariPool-1 - Shutdown initiated...
2026-05-16T17:07:26.675-04:00  INFO 8456 --- [resena] [SpringApplicationShutdownHook] com.zaxxer.hikari.HikariDataSource       : HikariPool-1 - Shutdown completed.
